// Jest Snapshot v1, https://goo.gl/fbAQLP

exports[`BooksByAuthor renders without crashing 1`] = `
<div
  className="booksByAuthorContainer"
>
  <div
    className="authorName"
  >
    <span>
      J K Rowling
    </span>
  </div>
  <div
    className="booksByAuthor"
  >
    <div
      className="book"
    >
      <div
        className="imagePanel"
        style={
          Object {
            "backgroundImage": "url(cover_image.jpeg)",
          }
        }
      />
      <div
        className="bookDataEven"
      >
        <p
          className="bookName"
        >
          Harry Potter and the Deathly Hallows (Harry Potter, #7)
        </p>
        <span>
          4.62
          <button
            className="likedHeartIcon"
            type="button"
          />
        </span>
      </div>
    </div>
    <div
      className="book"
    >
      <div
        className="imagePanel"
        style={
          Object {
            "backgroundImage": "url(cover_image.jpeg)",
          }
        }
      />
      <div
        className="bookDataOdd"
      >
        <p
          className="bookName"
        >
          Harry Potter and the Prisoner of Azkaban (Harry Potter, #3)
        </p>
        <span>
          4.54
          <button
            className="likedHeartIcon"
            type="button"
          />
        </span>
      </div>
    </div>
    <div
      className="book"
    >
      <div
        className="imagePanel"
        style={
          Object {
            "backgroundImage": "url(cover_image.jpeg)",
          }
        }
      />
      <div
        className="bookDataEven"
      >
        <p
          className="bookName"
        >
          Harry Potter and the Half-Blood Prince (Harry Potter, #6)
        </p>
        <span>
          4.54
          <button
            className="likedHeartIcon"
            type="button"
          />
        </span>
      </div>
    </div>
    <div
      className="book"
    >
      <div
        className="imagePanel"
        style={
          Object {
            "backgroundImage": "url(cover_image.jpeg)",
          }
        }
      />
      <div
        className="bookDataOdd"
      >
        <p
          className="bookName"
        >
          Harry Potter and the Goblet of Fire (Harry Potter, #4)
        </p>
        <span>
          4.53
          <button
            className="likedHeartIcon"
            type="button"
          />
        </span>
      </div>
    </div>
    <div
      className="book"
    >
      <div
        className="imagePanel"
        style={
          Object {
            "backgroundImage": "url(cover_image.jpeg)",
          }
        }
      />
      <div
        className="bookDataEven"
      >
        <p
          className="bookName"
        >
          Harry Potter and the Order of the Phoenix (Harry Potter, #5)
        </p>
        <span>
          4.47
          <button
            className="heartIcon"
            type="button"
          />
        </span>
      </div>
    </div>
    <div
      className="book"
    >
      <div
        className="imagePanel"
        style={
          Object {
            "backgroundImage": "url(cover_image.jpeg)",
          }
        }
      />
      <div
        className="bookDataOdd"
      >
        <p
          className="bookName"
        >
          Harry Potter and the Sorcerers Stone (Harry Potter, #1)
        </p>
        <span>
          4.45
          <button
            className="heartIcon"
            type="button"
          />
        </span>
      </div>
    </div>
    <div
      className="book"
    >
      <div
        className="imagePanel"
        style={
          Object {
            "backgroundImage": "url(cover_image.jpeg)",
          }
        }
      />
      <div
        className="bookDataEven"
      >
        <p
          className="bookName"
        >
          Harry Potter and the Chamber of Secrets (Harry Potter, #2)
        </p>
        <span>
          4.38
          <button
            className="heartIcon"
            type="button"
          />
        </span>
      </div>
    </div>
  </div>
</div>
`;
