// Jest Snapshot v1, https://goo.gl/fbAQLP

exports[`Book renders without crashing 1`] = `
<div
  className="book"
  style={
    Object {
      "backgroundImage": "url(cover_image.jpeg)",
    }
  }
>
  <div
    className="imagePanel"
  />
  <div
    className="bookData"
  >
    <p
      className="bookName"
    >
      Harry Potter and the Deathly Hallows (Harry Potter, #7)
    </p>
    <span>
      4.6
      <button
        className="heartIcon"
        type="button"
      />
    </span>
  </div>
</div>
`;
